[2J[H[1;33m╔══════════════════════════════════════════════════════════════════════════╗
║[0m                                                                          [1;33m║
║[0m     [1;37m███████ ███████ ██████  ██ ████████[0m                                   [1;33m║
║[0m     [1;37m██      ██      ██   ██ ██    ██[0m                                      [1;33m║
║[0m     [1;37m███████ █████   ██   ██ ██    ██[0m                                      [1;33m║
║[0m     [1;37m     ██ ██      ██   ██ ██    ██[0m                                      [1;33m║
║[0m     [1;37m███████ ███████ ██████  ██    ██[0m     [1;36mv1.24[0m                            [1;33m║
║[0m                                                                          [1;33m║
║[0m            [1;33mT H E   S C R E E N   E D I T O R   F O R   C P / M[0m          [1;33m║
║[0m                                                                          [1;33m║
╠══════════════════════════════════════════════════════════════════════════╣
║[0m                                                                          [1;33m║
║[0m   [1;37mTIRED OF LINE EDITORS?[0m                                                 [1;33m║
║[0m   [1;37mTIRED OF COUNTING LINE NUMBERS?[0m                                        [1;33m║
║[0m   [1;37mTIRED OF TYPING "L" JUST TO SEE YOUR OWN CODE?[0m                        [1;33m║
║[0m                                                                          [1;33m║
║[0m   Now there's [1;36mSEDIT[0m — the full-screen editor that turns your VT100      [1;33m║
║[0m   terminal into a real programming workstation.                          [1;33m║
║[0m                                                                          [1;33m║
║[0m  [32m┌─────────────────────────────────────────────────────────────────┐[0m     [1;33m║
║[0m  [32m│[0m [1;35mA:MAIN    .MAC   Lines: 342  Row:  17  Col:  12  [INS][0m        [32m│[0m     [1;33m║
║[0m  [32m│[0m [2m····:···:···:···:···:···:···:···:···:···:···:···:···:···:···:·[0m [32m│[0m     [1;33m║
║[0m  [32m│[0m [1;32m  1 [0m[1;36m;========================================[0m                [32m│[0m     [1;33m║
║[0m  [32m│[0m [1;32m  2 [0m[1;36m; SEDIT - Screen Editor for CP/M 2.2[0m                    [32m│[0m     [1;33m║
║[0m  [32m│[0m [1;32m  3 [0m[1;36m;========================================[0m                [32m│[0m     [1;33m║
║[0m  [32m│[0m [1;32m  4 [0m        [1;33mINCLUDE[0m SEDIT.INC                                [32m│[0m     [1;33m║
║[0m  [32m│[0m [1;32m  5 [0m                                                          [32m│[0m     [1;33m║
║[0m  [32m│[0m [1;32m  6 [0m[1;37mSTART:[0m  [1;33mLXI[0m     SP,STKTOP                               [32m│[0m     [1;33m║
║[0m  [32m│[0m [1;32m  7 [0m        [1;33mCALL[0m    SCRINIT                                  [32m│[0m     [1;33m║
║[0m  [32m│[0m [1;32m  8 [0m        [1;33mCALL[0m    GBINIT                                   [32m│[0m     [1;33m║
║[0m  [32m│[0m                         [2m. . .[0m                                [32m│[0m     [1;33m║
║[0m  [32m│[0m [2m═══════════════════════════════ V1.24 ═════════════════════════[0m [32m│[0m     [1;33m║
║[0m  [32m│[0m File loaded.                                                 [32m│[0m     [1;33m║
║[0m  [32m└─────────────────────────────────────────────────────────────────┘[0m     [1;33m║
║[0m                                                                          [1;33m║
║[0m   [1;37mFEATURES THAT PUT YOU IN CONTROL:[0m                                      [1;33m║
║[0m                                                                          [1;33m║
║[0m   [1;32m●[0m [1;37mFULL-SCREEN EDITING[0m          See your entire file — not just one    [1;33m║
║[0m     with line numbers             line at a time. What you see is        [1;33m║
║[0m                                   what you've got.                       [1;33m║
║[0m                                                                          [1;33m║
║[0m   [1;32m●[0m [1;37mWORDSTAR-COMPATIBLE[0m          Already know WordStar? You already     [1;33m║
║[0m     control keys                  know SEDIT. ^E ^X ^S ^D and all       [1;33m║
║[0m                                   the rest — they're all here.           [1;33m║
║[0m                                                                          [1;33m║
║[0m   [1;32m●[0m [1;37mBUILT-IN FIND & REPLACE[0m      Interactive search with Y/N/A per     [1;33m║
║[0m     with highlighting             match. No more blind substitutions.    [1;33m║
║[0m                                                                          [1;33m║
║[0m   [1;32m●[0m [1;37mSYNTAX HIGHLIGHTING[0m [2m*[0m        Assembly AND C language coloring on    [1;33m║
║[0m     for ASM and C                 color terminals. Keywords, strings,    [1;33m║
║[0m                                   comments — all in living color.        [1;33m║
║[0m                                                                          [1;33m║
║[0m   [1;32m●[0m [1;37mVIRTUAL BUFFER MODE[0m          Edit files LARGER than your TPA.       [1;33m║
║[0m     for large files               Automatic disk-backed paging.          [1;33m║
║[0m                                                                          [1;33m║
║[0m   [1;32m●[0m [1;37mBLOCK OPERATIONS[0m             Mark, copy, delete, and paste.         [1;33m║
║[0m                                   Just like the big boys.               [1;33m║
║[0m                                                                          [1;33m║
║[0m   [1;32m●[0m [1;37mAUTO-DETECT TERMINAL[0m         80 or 132 columns? 24 or 30 rows?     [1;33m║
║[0m     size at startup               SEDIT figures it out for you.          [1;33m║
║[0m                                                                          [1;33m║
║[0m   [1;32m●[0m [1;37mCP/M USER AREA SUPPORT[0m       Access files across all 16 user       [1;33m║
║[0m     built right in     [1;31m◄[1;33mNEW[0m  areas. SEDIT B3:MYFILE.MAC — done.    [1;33m║
║[0m                                                                          [1;33m║
║[0m   [1;32m●[0m [1;37mRUNS ON ANY 8080[0m             No Z80 required! Works on 8080,        [1;33m║
║[0m     or compatible CPU             8085, Z80, and NSC800 systems.         [1;33m║
║[0m                                                                          [1;33m║
║[0m   [1;32m●[0m [1;37mCONFIGURABLE KEY BINDINGS[0m    Load your own key map from disk.       [1;33m║
║[0m                                   Make SEDIT work YOUR way.              [1;33m║
║[0m                                                                          [1;33m║
║[0m   [2m* Color features require VT100/ANSI color-capable terminal.[0m            [1;33m║
║[0m                                                                          [1;33m║
║[0m [2m───────────────────────────────────────────────────────────────────────[0m [1;33m║
║[0m                                                                          [1;33m║
║[0m   [1;37mFOUR EDITIONS TO MATCH YOUR SYSTEM:[0m                                    [1;33m║
║[0m                                                                          [1;33m║
║[0m     [1;36mSEDIT.COM[0m ····· Monochrome       [1;36mSEDIT-A.COM[0m ··· ASM Highlighting   [1;33m║
║[0m     [1;36mSEDIT-CL.COM[0m ·· Color            [1;36mSEDIT-C.COM[0m ··· C Highlighting     [1;33m║
║[0m                                                                          [1;33m║
║[0m [2m───────────────────────────────────────────────────────────────────────[0m [1;33m║
║[0m                                                                          [1;33m║
║[0m   [1;37mSYSTEM REQUIREMENTS:[0m              [1;37mAVAILABLE NOW.[0m                       [1;33m║
║[0m   · CP/M 2.2 or compatible          Complete 8080 assembly source        [1;33m║
║[0m   · Intel 8080 or compatible CPU    included — no secrets, no blobs.     [1;33m║
║[0m   · VT100/ANSI terminal                                                  [1;33m║
║[0m   · 9 KB free TPA (minimum)         Written in 13,500 lines of          [1;33m║
║[0m   · One disk drive                   hand-crafted 8080 assembly.         [1;33m║
║[0m                                                                          [1;33m║
║[0m                                                                          [1;33m║
║[0m          [1;33m╔══════════════════════════════════════════════╗[0m                 [1;33m║
║[0m          [1;33m║[0m  [1;37mSTOP EDITING THE HARD WAY.[0m                  [1;33m║[0m                 [1;33m║
║[0m          [1;33m║[0m  [1;37mPUT A SCREEN EDITOR ON YOUR CP/M SYSTEM.[0m  [1;33m║[0m                 [1;33m║
║[0m          [1;33m║[0m                                              [1;33m║[0m                 [1;33m║
║[0m          [1;33m║[0m  [1;36mSEDIT — BECAUSE LIFE IS TOO SHORT FOR ED.[0m[1;33m║[0m                 [1;33m║
║[0m          [1;33m╚══════════════════════════════════════════════╝[0m                 [1;33m║
║[0m                                                                          [1;33m║
║[0m          [1;37mRetroTechReboot[0m · github.com/nbreeden2/cpm-screen-editor        [1;33m║
║[0m                                                                          [1;33m║
╚══════════════════════════════════════════════════════════════════════════╝[0m
